// Jest Snapshot v1, https://goo.gl/fbAQLP

exports[`Header should render correctly 1`] = `
<DocumentFragment>
  <header
    class="MuiPaper-root MuiAppBar-root MuiAppBar-positionStatic MuiAppBar-colorPrimary MuiPaper-elevation4"
  >
    <div
      class="MuiContainer-root MuiContainer-maxWidthLg"
    >
      <div
        class="MuiToolbar-root MuiToolbar-regular"
      >
        <h6
          class="MuiTypography-root makeStyles-title-2 MuiTypography-h6"
        >
          Hiring & Staffing
        </h6>
      </div>
    </div>
  </header>
</DocumentFragment>
`;
